
> tartelah-client@0.1.0 lint
> eslint . --ext js,jsx --report-unused-disable-directives --max-warnings 0


E:\Project Work\videos media🔥❤️\Tartelah Academy-V2\client\src\components\admin\AdminSessionDetailDrawer.jsx
  13:3  warning  'RefreshCw' is defined but never used. Allowed unused vars must match /^_/u  no-unused-vars

E:\Project Work\videos media🔥❤️\Tartelah Academy-V2\client\src\components\admin\AdminSurveyDetailDrawer.jsx
   10:3   warning  'Calendar' is defined but never used. Allowed unused vars must match /^_/u      no-unused-vars
   11:3   warning  'ExternalLink' is defined but never used. Allowed unused vars must match /^_/u  no-unused-vars
   24:8   warning  'Badge' is defined but never used. Allowed unused vars must match /^_/u         no-unused-vars
  375:19  error    `"` can be escaped with `&quot;`, `&ldquo;`, `&#34;`, `&rdquo;`                 react/no-unescaped-entities
  375:34  error    `"` can be escaped with `&quot;`, `&ldquo;`, `&#34;`, `&rdquo;`                 react/no-unescaped-entities

E:\Project Work\videos media🔥❤️\Tartelah Academy-V2\client\src\components\admin\DirectRenewalModal.jsx
   4:21  warning  'Calendar' is defined but never used. Allowed unused vars must match /^_/u              no-unused-vars
   4:31  warning  'BookOpen' is defined but never used. Allowed unused vars must match /^_/u              no-unused-vars
   4:41  warning  'User' is defined but never used. Allowed unused vars must match /^_/u                  no-unused-vars
   4:47  warning  'AlertCircle' is defined but never used. Allowed unused vars must match /^_/u           no-unused-vars
  11:10  warning  'formatDateAr' is defined but never used. Allowed unused vars must match /^_/u          no-unused-vars
  66:9   warning  'selectedPkg' is assigned a value but never used. Allowed unused vars must match /^_/u  no-unused-vars

E:\Project Work\videos media🔥❤️\Tartelah Academy-V2\client\src\components\admin\EditScheduleRuleModal.jsx
  310:6  warning  React Hook useEffect has missing dependencies: 'form.packageId' and 'handleSelectPackage'. Either include them or remove the dependency array  react-hooks/exhaustive-deps

E:\Project Work\videos media🔥❤️\Tartelah Academy-V2\client\src\components\admin\MonthlyReportDetailModal.jsx
  5:24  warning  'AlertCircle' is defined but never used. Allowed unused vars must match /^_/u    no-unused-vars
  5:37  warning  'Calendar' is defined but never used. Allowed unused vars must match /^_/u       no-unused-vars
  6:3   warning  'TrendingUp' is defined but never used. Allowed unused vars must match /^_/u     no-unused-vars
  6:15  warning  'Users' is defined but never used. Allowed unused vars must match /^_/u          no-unused-vars
  6:44  warning  'MessageSquare' is defined but never used. Allowed unused vars must match /^_/u  no-unused-vars

E:\Project Work\videos media🔥❤️\Tartelah Academy-V2\client\src\components\admin\OperationsTableView.jsx
   4:44  warning  'AlertTriangle' is defined but never used. Allowed unused vars must match /^_/u        no-unused-vars
   5:20  warning  'Eye' is defined but never used. Allowed unused vars must match /^_/u                  no-unused-vars
   5:45  warning  'UserCheck' is defined but never used. Allowed unused vars must match /^_/u            no-unused-vars
   5:56  warning  'UserX' is defined but never used. Allowed unused vars must match /^_/u                no-unused-vars
  13:35  warning  'REVIEW_SEVERITY' is defined but never used. Allowed unused vars must match /^_/u      no-unused-vars
  13:52  warning  'REVIEW_STATE' is defined but never used. Allowed unused vars must match /^_/u         no-unused-vars
  14:21  warning  'ROUTES' is defined but never used. Allowed unused vars must match /^_/u               no-unused-vars
  20:3   warning  'onOpenReview' is defined but never used. Allowed unused args must match /^_/u         no-unused-vars
  48:21  warning  'statusInfo' is assigned a value but never used. Allowed unused vars must match /^_/u  no-unused-vars

E:\Project Work\videos media🔥❤️\Tartelah Academy-V2\client\src\components\admin\QuranReportDetailModal.jsx
   5:19  warning  'Clock' is defined but never used. Allowed unused vars must match /^_/u              no-unused-vars
   5:33  warning  'AlertCircle' is defined but never used. Allowed unused vars must match /^_/u        no-unused-vars
   6:9   warning  'CheckCircle2' is defined but never used. Allowed unused vars must match /^_/u       no-unused-vars
   6:23  warning  'History' is defined but never used. Allowed unused vars must match /^_/u            no-unused-vars
  13:10  warning  'formatDateAr' is defined but never used. Allowed unused vars must match /^_/u       no-unused-vars
  51:9   warning  'evalData' is assigned a value but never used. Allowed unused vars must match /^_/u  no-unused-vars

E:\Project Work\videos media🔥❤️\Tartelah Academy-V2\client\src\components\admin\TeacherAdjustmentModal.jsx
   4:36  warning  'AlertCircle' is defined but never used. Allowed unused vars must match /^_/u                           no-unused-vars
   4:49  warning  'Calendar' is defined but never used. Allowed unused vars must match /^_/u                              no-unused-vars
  51:6   warning  React Hook useEffect has a missing dependency: 'now'. Either include it or remove the dependency array  react-hooks/exhaustive-deps
  80:17  warning  'res' is defined but never used. Allowed unused args must match /^_/u                                   no-unused-vars

E:\Project Work\videos media🔥❤️\Tartelah Academy-V2\client\src\components\admin\TeacherSessionsTab.jsx
     3:10  warning  'motion' is defined but never used. Allowed unused vars must match /^_/u                                                                                                                                no-unused-vars
     3:18  warning  'AnimatePresence' is defined but never used. Allowed unused vars must match /^_/u                                                                                                                       no-unused-vars
     7:3   warning  'AlertTriangle' is defined but never used. Allowed unused vars must match /^_/u                                                                                                                         no-unused-vars
     7:36  warning  'Filter' is defined but never used. Allowed unused vars must match /^_/u                                                                                                                                no-unused-vars
     7:57  warning  'ChevronUp' is defined but never used. Allowed unused vars must match /^_/u                                                                                                                             no-unused-vars
     8:40  warning  'User' is defined but never used. Allowed unused vars must match /^_/u                                                                                                                                  no-unused-vars
     9:16  warning  'ArrowLeftRight' is defined but never used. Allowed unused vars must match /^_/u                                                                                                                        no-unused-vars
     9:32  warning  'HelpCircle' is defined but never used. Allowed unused vars must match /^_/u                                                                                                                            no-unused-vars
    22:26  warning  'isFuture' is defined but never used. Allowed unused vars must match /^_/u                                                                                                                              no-unused-vars
    22:36  warning  'isPast' is defined but never used. Allowed unused vars must match /^_/u                                                                                                                                no-unused-vars
    91:46  warning  'isAvailLoading' is assigned a value but never used. Allowed unused vars must match /^_/u                                                                                                               no-unused-vars
   104:9   warning  The 'sessions' logical expression could make the dependencies of useMemo Hook (at line 135) change on every render. To fix this, wrap the initialization of 'sessions' in its own useMemo() Hook        react-hooks/exhaustive-deps
   105:9   warning  The 'activeRules' logical expression could make the dependencies of useMemo Hook (at line 122) change on every render. To fix this, wrap the initialization of 'activeRules' in its own useMemo() Hook  react-hooks/exhaustive-deps
   105:9   warning  The 'activeRules' logical expression could make the dependencies of useMemo Hook (at line 189) change on every render. To fix this, wrap the initialization of 'activeRules' in its own useMemo() Hook  react-hooks/exhaustive-deps
   138:9   warning  The 'now' object construction makes the dependencies of useMemo Hook (at line 189) change on every render. To fix this, wrap the initialization of 'now' in its own useMemo() Hook                      react-hooks/exhaustive-deps
   586:23  warning  'totalStudentSessions' is assigned a value but never used. Allowed unused vars must match /^_/u                                                                                                         no-unused-vars
   790:32  warning  'timeStr' is defined but never used. Allowed unused args must match /^_/u                                                                                                                               no-unused-vars
  1065:3   warning  'teacherId' is defined but never used. Allowed unused args must match /^_/u                                                                                                                             no-unused-vars
  1067:3   warning  'availabilityData' is defined but never used. Allowed unused args must match /^_/u                                                                                                                      no-unused-vars
  1070:3   warning  'onAddSessionAtTime' is defined but never used. Allowed unused args must match /^_/u                                                                                                                    no-unused-vars
  1442:37  warning  'session' is defined but never used. Allowed unused args must match /^_/u                                                                                                                               no-unused-vars

E:\Project Work\videos media🔥❤️\Tartelah Academy-V2\client\src\components\admin\WalletOperationsModal.jsx
   6:3   warning  'Calendar' is defined but never used. Allowed unused vars must match /^_/u  no-unused-vars
   6:13  warning  'Clock' is defined but never used. Allowed unused vars must match /^_/u     no-unused-vars
   6:20  warning  'User' is defined but never used. Allowed unused vars must match /^_/u      no-unused-vars
  11:8   warning  'Spinner' is defined but never used. Allowed unused vars must match /^_/u   no-unused-vars

E:\Project Work\videos media🔥❤️\Tartelah Academy-V2\client\src\components\home\HeroSection.jsx
  6:8  warning  'RecitationWidget' is defined but never used. Allowed unused vars must match /^_/u  no-unused-vars

E:\Project Work\videos media🔥❤️\Tartelah Academy-V2\client\src\components\layout\public-header\MobileNavDrawer.jsx
  19:28  warning  'user' is assigned a value but never used. Allowed unused vars must match /^_/u                                                                                                                                                                                              no-unused-vars
  35:23  warning  The ref value 'returnFocusRef.current' will likely have changed by the time this effect cleanup function runs. If this ref points to a node rendered by React, copy 'returnFocusRef.current' to a variable inside the effect, and use that variable in the cleanup function  react-hooks/exhaustive-deps

E:\Project Work\videos media🔥❤️\Tartelah Academy-V2\client\src\components\notifications\NotificationCenter.jsx
    8:48  warning  'ChevronDown' is defined but never used. Allowed unused vars must match /^_/u                                                                                                                        no-unused-vars
  110:9   warning  The 'notifications' conditional could make the dependencies of useMemo Hook (at line 121) change on every render. To fix this, wrap the initialization of 'notifications' in its own useMemo() Hook  react-hooks/exhaustive-deps

E:\Project Work\videos media🔥❤️\Tartelah Academy-V2\client\src\components\shared\DateRangePresetPicker.jsx
  3:30  warning  'ChevronDown' is defined but never used. Allowed unused vars must match /^_/u                                                   no-unused-vars
  5:14  warning  Fast refresh only works when a file only exports components. Use a new file to share constants or functions between components  react-refresh/only-export-components

E:\Project Work\videos media🔥❤️\Tartelah Academy-V2\client\src\components\shared\SessionTitleDisplay.jsx
  1:8   warning  'React' is defined but never used. Allowed unused vars must match /^_/u                    no-unused-vars
  2:10  warning  'Hash' is defined but never used. Allowed unused vars must match /^_/u                     no-unused-vars
  2:30  warning  'History' is defined but never used. Allowed unused vars must match /^_/u                  no-unused-vars
  3:30  warning  'extractSessionIndexInfo' is defined but never used. Allowed unused vars must match /^_/u  no-unused-vars

E:\Project Work\videos media🔥❤️\Tartelah Academy-V2\client\src\components\teacher\BulkSyncLinksModal.jsx
    3:18  warning  'AnimatePresence' is defined but never used. Allowed unused vars must match /^_/u                  no-unused-vars
    6:17  warning  'Check' is defined but never used. Allowed unused vars must match /^_/u                            no-unused-vars
    6:45  warning  'AlertCircle' is defined but never used. Allowed unused vars must match /^_/u                      no-unused-vars
  171:9   warning  'effectiveSelectedCount' is assigned a value but never used. Allowed unused vars must match /^_/u  no-unused-vars

E:\Project Work\videos media🔥❤️\Tartelah Academy-V2\client\src\components\teacher\CancelSessionModal.jsx
  4:25  warning  'Check' is defined but never used. Allowed unused vars must match /^_/u  no-unused-vars
  4:32  warning  'X' is defined but never used. Allowed unused vars must match /^_/u      no-unused-vars

E:\Project Work\videos media🔥❤️\Tartelah Academy-V2\client\src\components\teacher\EditSessionLinkModal.jsx
  4:54  warning  'AlertCircle' is defined but never used. Allowed unused vars must match /^_/u  no-unused-vars

E:\Project Work\videos media🔥❤️\Tartelah Academy-V2\client\src\components\teacher\RescheduleSessionModal.jsx
  5:3  warning  'CalendarClock' is defined but never used. Allowed unused vars must match /^_/u  no-unused-vars
  7:3  warning  'Calendar' is defined but never used. Allowed unused vars must match /^_/u       no-unused-vars

E:\Project Work\videos media🔥❤️\Tartelah Academy-V2\client\src\components\teacher\TeacherGeneralLinkBanner.jsx
   7:28  warning  'ShieldCheck' is defined but never used. Allowed unused vars must match /^_/u         no-unused-vars
  11:10  warning  'MEETING_PROVIDERS' is defined but never used. Allowed unused vars must match /^_/u   no-unused-vars
  54:29  warning  'isLoading' is assigned a value but never used. Allowed unused vars must match /^_/u  no-unused-vars

E:\Project Work\videos media🔥❤️\Tartelah Academy-V2\client\src\components\ui\PasswordCredentialSection.jsx
   48:6   warning  React Hook useEffect has missing dependencies: 'onChange' and 'value'. Either include them or remove the dependency array. If 'onChange' changes too often, find the parent component that defines it and wrap that definition in useCallback  react-hooks/exhaustive-deps
  162:17  warning  Fast refresh only works when a file only exports components. Use a new file to share constants or functions between components                                                                                                                 react-refresh/only-export-components
  174:17  warning  Fast refresh only works when a file only exports components. Use a new file to share constants or functions between components                                                                                                                 react-refresh/only-export-components
  180:17  warning  Fast refresh only works when a file only exports components. Use a new file to share constants or functions between components                                                                                                                 react-refresh/only-export-components

E:\Project Work\videos media🔥❤️\Tartelah Academy-V2\client\src\components\ui\StudentScheduleSection.jsx
   23:17  warning  Fast refresh only works when a file only exports components. Use a new file to share constants or functions between components  react-refresh/only-export-components
  153:57  warning  React Hook useMemo has a missing dependency: 'value'. Either include it or remove the dependency array                          react-hooks/exhaustive-deps

E:\Project Work\videos media🔥❤️\Tartelah Academy-V2\client\src\layouts\StudentLayout.jsx
  320:19  warning  'isActive' is defined but never used. Allowed unused args must match /^_/u  no-unused-vars

E:\Project Work\videos media🔥❤️\Tartelah Academy-V2\client\src\pages\admin\AdminArticleEditorPage.jsx
    1:39  warning  'useCallback' is defined but never used. Allowed unused vars must match /^_/u                               no-unused-vars
    4:10  warning  'motion' is defined but never used. Allowed unused vars must match /^_/u                                    no-unused-vars
    4:18  warning  'AnimatePresence' is defined but never used. Allowed unused vars must match /^_/u                           no-unused-vars
  410:6   warning  React Hook useEffect has a missing dependency: 'saveMut'. Either include it or remove the dependency array  react-hooks/exhaustive-deps

E:\Project Work\videos media🔥❤️\Tartelah Academy-V2\client\src\pages\admin\AdminArticlesPage.jsx
    2:10  warning  'Link' is defined but never used. Allowed unused vars must match /^_/u             no-unused-vars
    4:18  warning  'AnimatePresence' is defined but never used. Allowed unused vars must match /^_/u  no-unused-vars
  228:9   warning  'pinMut' is assigned a value but never used. Allowed unused vars must match /^_/u  no-unused-vars

E:\Project Work\videos media🔥❤️\Tartelah Academy-V2\client\src\pages\admin\AdminContactPage.jsx
  4:65  warning  'Phone' is defined but never used. Allowed unused vars must match /^_/u   no-unused-vars
  7:8   warning  'Button' is defined but never used. Allowed unused vars must match /^_/u  no-unused-vars
  8:8   warning  'Badge' is defined but never used. Allowed unused vars must match /^_/u   no-unused-vars

E:\Project Work\videos media🔥❤️\Tartelah Academy-V2\client\src\pages\admin\AdminEnrollmentsPage.jsx
    5:25  warning  'CalendarClock' is defined but never used. Allowed unused vars must match /^_/u                            no-unused-vars
    6:55  warning  'ShieldAlert' is defined but never used. Allowed unused vars must match /^_/u                              no-unused-vars
    7:3   warning  'ChevronDown' is defined but never used. Allowed unused vars must match /^_/u                              no-unused-vars
    7:16  warning  'ChevronUp' is defined but never used. Allowed unused vars must match /^_/u                                no-unused-vars
   23:3   warning  'formatScheduleDays' is defined but never used. Allowed unused vars must match /^_/u                       no-unused-vars
   23:23  warning  'formatScheduleTimes' is defined but never used. Allowed unused vars must match /^_/u                      no-unused-vars
  160:67  warning  React Hook useMemo has a missing dependency: 'schedule'. Either include it or remove the dependency array  react-hooks/exhaustive-deps

E:\Project Work\videos media🔥❤️\Tartelah Academy-V2\client\src\pages\admin\AdminNotificationsPage.jsx
  2:33  warning  'useQueryClient' is defined but never used. Allowed unused vars must match /^_/u  no-unused-vars
  4:10  warning  'Send' is defined but never used. Allowed unused vars must match /^_/u            no-unused-vars
  4:29  warning  'Bell' is defined but never used. Allowed unused vars must match /^_/u            no-unused-vars

E:\Project Work\videos media🔥❤️\Tartelah Academy-V2\client\src\pages\admin\AdminOperationsCenterPage.jsx
    7:29  warning  'RefreshCw' is defined but never used. Allowed unused vars must match /^_/u                                                                                                                       no-unused-vars
    8:15  warning  'Users' is defined but never used. Allowed unused vars must match /^_/u                                                                                                                           no-unused-vars
  422:9   warning  The 'sessions' logical expression could make the dependencies of useMemo Hook (at line 446) change on every render. To fix this, wrap the initialization of 'sessions' in its own useMemo() Hook  react-hooks/exhaustive-deps
  422:9   warning  The 'sessions' logical expression could make the dependencies of useMemo Hook (at line 447) change on every render. To fix this, wrap the initialization of 'sessions' in its own useMemo() Hook  react-hooks/exhaustive-deps
  422:9   warning  The 'sessions' logical expression could make the dependencies of useMemo Hook (at line 448) change on every render. To fix this, wrap the initialization of 'sessions' in its own useMemo() Hook  react-hooks/exhaustive-deps

E:\Project Work\videos media🔥❤️\Tartelah Academy-V2\client\src\pages\admin\AdminPackagesPage.jsx
  7:52  warning  'AlertCircle' is defined but never used. Allowed unused vars must match /^_/u  no-unused-vars

E:\Project Work\videos media🔥❤️\Tartelah Academy-V2\client\src\pages\admin\AdminReportsPage.jsx
  9:3  warning  'Calendar' is defined but never used. Allowed unused vars must match /^_/u  no-unused-vars

E:\Project Work\videos media🔥❤️\Tartelah Academy-V2\client\src\pages\admin\AdminScheduleRulesPage.jsx
  19:36  warning  'SCHEDULE_FREQUENCY' is defined but never used. Allowed unused vars must match /^_/u  no-unused-vars

E:\Project Work\videos media🔥❤️\Tartelah Academy-V2\client\src\pages\admin\AdminSessionsPage.jsx
   13:3   warning  'User' is defined but never used. Allowed unused vars must match /^_/u                     no-unused-vars
   14:3   warning  'GraduationCap' is defined but never used. Allowed unused vars must match /^_/u            no-unused-vars
   21:3   warning  'AlertTriangle' is defined but never used. Allowed unused vars must match /^_/u            no-unused-vars
   26:3   warning  'SlidersHorizontal' is defined but never used. Allowed unused vars must match /^_/u        no-unused-vars
   28:3   warning  'ChevronDown' is defined but never used. Allowed unused vars must match /^_/u              no-unused-vars
   44:10  warning  'formatSessionTitle' is defined but never used. Allowed unused vars must match /^_/u       no-unused-vars
  425:69  warning  'onCancel' is defined but never used. Allowed unused args must match /^_/u                 no-unused-vars
  425:79  warning  'onCorrect' is defined but never used. Allowed unused args must match /^_/u                no-unused-vars
  793:39  warning  'isStatsLoading' is assigned a value but never used. Allowed unused vars must match /^_/u  no-unused-vars

E:\Project Work\videos media🔥❤️\Tartelah Academy-V2\client\src\pages\admin\AdminSettingsPage.jsx
  5:10  warning  'motion' is defined but never used. Allowed unused vars must match /^_/u  no-unused-vars

E:\Project Work\videos media🔥❤️\Tartelah Academy-V2\client\src\pages\admin\AdminStudentDetailPage.jsx
    8:30  warning  'Gift' is defined but never used. Allowed unused vars must match /^_/u                no-unused-vars
    9:73  warning  'CheckCircle2' is defined but never used. Allowed unused vars must match /^_/u        no-unused-vars
   28:10  warning  'quranReportService' is defined but never used. Allowed unused vars must match /^_/u  no-unused-vars
  518:24  warning  'studentId' is defined but never used. Allowed unused args must match /^_/u           no-unused-vars
  518:35  warning  'recentSessions' is defined but never used. Allowed unused args must match /^_/u      no-unused-vars

E:\Project Work\videos media🔥❤️\Tartelah Academy-V2\client\src\pages\admin\AdminSubscriptionRenewalsPage.jsx
  3:10  warning  'motion' is defined but never used. Allowed unused vars must match /^_/u  no-unused-vars

E:\Project Work\videos media🔥❤️\Tartelah Academy-V2\client\src\pages\admin\AdminSubscriptionsPage.jsx
  4:23  warning  'Calendar' is defined but never used. Allowed unused vars must match /^_/u  no-unused-vars

E:\Project Work\videos media🔥❤️\Tartelah Academy-V2\client\src\pages\admin\AdminSurveysPage.jsx
   10:3   warning  'Filter' is defined but never used. Allowed unused vars must match /^_/u  no-unused-vars
   20:3   warning  'User' is defined but never used. Allowed unused vars must match /^_/u    no-unused-vars
  542:59  error    `"` can be escaped with `&quot;`, `&ldquo;`, `&#34;`, `&rdquo;`           react/no-unescaped-entities
  542:69  error    `"` can be escaped with `&quot;`, `&ldquo;`, `&#34;`, `&rdquo;`           react/no-unescaped-entities

E:\Project Work\videos media🔥❤️\Tartelah Academy-V2\client\src\pages\admin\AdminTeacherOnboardingWizardPage.jsx
    7:81  warning  'Link2' is defined but never used. Allowed unused vars must match /^_/u                                                                                                                           no-unused-vars
  478:9   warning  The 'packages' logical expression could make the dependencies of useMemo Hook (at line 520) change on every render. To fix this, wrap the initialization of 'packages' in its own useMemo() Hook  react-hooks/exhaustive-deps

E:\Project Work\videos media🔥❤️\Tartelah Academy-V2\client\src\pages\admin\AdminTeacherPerformancePage.jsx
   13:8  warning  'AttendanceStatusBadge' is defined but never used. Allowed unused vars must match /^_/u                                                                                                   no-unused-vars
  152:9  warning  The 'rows' logical expression could make the dependencies of useMemo Hook (at line 161) change on every render. To fix this, wrap the initialization of 'rows' in its own useMemo() Hook  react-hooks/exhaustive-deps
  152:9  warning  The 'rows' logical expression could make the dependencies of useMemo Hook (at line 174) change on every render. To fix this, wrap the initialization of 'rows' in its own useMemo() Hook  react-hooks/exhaustive-deps

E:\Project Work\videos media🔥❤️\Tartelah Academy-V2\client\src\pages\admin\AdminTeacherProfilePage.jsx
  10:35  warning  'Gift' is defined but never used. Allowed unused vars must match /^_/u  no-unused-vars

E:\Project Work\videos media🔥❤️\Tartelah Academy-V2\client\src\pages\admin\AdminTeacherReplacementPage.jsx
    7:20  warning  'Calendar' is defined but never used. Allowed unused vars must match /^_/u          no-unused-vars
    8:3   warning  'Info' is defined but never used. Allowed unused vars must match /^_/u              no-unused-vars
    8:22  warning  'Filter' is defined but never used. Allowed unused vars must match /^_/u            no-unused-vars
  118:22  warning  'onGoToHistory' is defined but never used. Allowed unused args must match /^_/u     no-unused-vars
  786:16  warning  'setPage' is assigned a value but never used. Allowed unused vars must match /^_/u  no-unused-vars

E:\Project Work\videos media🔥❤️\Tartelah Academy-V2\client\src\pages\auth\AuthShared.jsx
  15:14  warning  Fast refresh only works when a file only exports components. Use a new file to share constants or functions between components  react-refresh/only-export-components
  36:14  warning  Fast refresh only works when a file only exports components. Use a new file to share constants or functions between components  react-refresh/only-export-components

E:\Project Work\videos media🔥❤️\Tartelah Academy-V2\client\src\pages\marketing\ArticleDetailPage.jsx
    1:39  warning  'useCallback' is defined but never used. Allowed unused vars must match /^_/u           no-unused-vars
    4:18  warning  'AnimatePresence' is defined but never used. Allowed unused vars must match /^_/u       no-unused-vars
  110:28  warning  'slug' is defined but never used. Allowed unused args must match /^_/u                  no-unused-vars
  197:9   warning  'navigate' is assigned a value but never used. Allowed unused vars must match /^_/u     no-unused-vars
  199:9   warning  'queryClient' is assigned a value but never used. Allowed unused vars must match /^_/u  no-unused-vars

E:\Project Work\videos media🔥❤️\Tartelah Academy-V2\client\src\pages\marketing\ArticlesPage.jsx
  1:20  warning  'useEffect' is defined but never used. Allowed unused vars must match /^_/u  no-unused-vars
  7:22  warning  'ROUTES' is defined but never used. Allowed unused vars must match /^_/u     no-unused-vars

E:\Project Work\videos media🔥❤️\Tartelah Academy-V2\client\src\pages\marketing\CourseDetailPage.jsx
  170:10  warning  'StatItem' is defined but never used. Allowed unused vars must match /^_/u  no-unused-vars

E:\Project Work\videos media🔥❤️\Tartelah Academy-V2\client\src\pages\student\StudentEvaluationsPage.jsx
  4:8  warning  'Badge' is defined but never used. Allowed unused vars must match /^_/u  no-unused-vars

E:\Project Work\videos media🔥❤️\Tartelah Academy-V2\client\src\pages\student\StudentHomeworkPage.jsx
  6:10  warning  'getFileUrl' is defined but never used. Allowed unused vars must match /^_/u  no-unused-vars

E:\Project Work\videos media🔥❤️\Tartelah Academy-V2\client\src\pages\student\StudentQuranReportsPage.jsx
   6:22  warning  'CheckCircle2' is defined but never used. Allowed unused vars must match /^_/u  no-unused-vars
   6:36  warning  'Copy' is defined but never used. Allowed unused vars must match /^_/u          no-unused-vars
  11:8   warning  'Badge' is defined but never used. Allowed unused vars must match /^_/u         no-unused-vars

E:\Project Work\videos media🔥❤️\Tartelah Academy-V2\client\src\pages\student\StudentSubscriptionPage.jsx
   2:20  warning  'useMutation' is defined but never used. Allowed unused vars must match /^_/u  no-unused-vars
   9:8   warning  'Spinner' is defined but never used. Allowed unused vars must match /^_/u      no-unused-vars
  29:3   warning  'RefreshCw' is defined but never used. Allowed unused vars must match /^_/u    no-unused-vars

E:\Project Work\videos media🔥❤️\Tartelah Academy-V2\client\src\pages\teacher\TeacherAssignmentRequestsPage.jsx
  6:48  warning  'Clock' is defined but never used. Allowed unused vars must match /^_/u  no-unused-vars
  6:55  warning  'User' is defined but never used. Allowed unused vars must match /^_/u   no-unused-vars

E:\Project Work\videos media🔥❤️\Tartelah Academy-V2\client\src\pages\teacher\TeacherDashboardPage.jsx
  29:35  warning  'formatNumber' is defined but never used. Allowed unused vars must match /^_/u  no-unused-vars

E:\Project Work\videos media🔥❤️\Tartelah Academy-V2\client\src\pages\teacher\TeacherPerformancePage.jsx
   16:8   warning  'Spinner' is defined but never used. Allowed unused vars must match /^_/u    no-unused-vars
  107:24  warning  'periodKey' is defined but never used. Allowed unused args must match /^_/u  no-unused-vars

E:\Project Work\videos media🔥❤️\Tartelah Academy-V2\client\src\pages\teacher\TeacherProgressPage.jsx
  10:8  warning  'Badge' is defined but never used. Allowed unused vars must match /^_/u  no-unused-vars

E:\Project Work\videos media🔥❤️\Tartelah Academy-V2\client\src\pages\teacher\TeacherQuranReportPage.jsx
  9:8  warning  'PageHeader' is defined but never used. Allowed unused vars must match /^_/u  no-unused-vars

E:\Project Work\videos media🔥❤️\Tartelah Academy-V2\client\src\utils\assignmentSchedule.js
  180:51  warning  'durationMinutes' is defined but never used. Allowed unused args must match /^_/u  no-unused-vars

✖ 178 problems (4 errors, 174 warnings)

